---
source: crates/watt_tests/src/codegen/structs.rs
expression: "\ntype A {\n    value: int\n}\n\ntype B {\n    value: int\n}\n\nfn main() {\n    let a = A(3);\n    a = B(4);\n}\n    "
---
Source code:

type A {
    value: int
}

type B {
    value: int
}

fn main() {
    let a = A(3);
    a = B(4);
}
    

Generation result:
typeck::types_missmatch

  x types missmatch. expected `A`, got `B`.

Hint: 
  # here...
    ,-[buggy:12:5]
 11 |     let a = A(3);
 12 |     a = B(4);
    :     ^^^^^^^^
 13 | }
    `----
