---
source: crates/watt_tests/src/lex.rs
expression: "\n\"\\n\"\n\"\\r\"\n        "
---
Source code:

"\n"
"\r"
        

Tokens:
[
    Token {
        tk_type: Text,
        value: "\n",
        address: Address(2..5),
    },
    Token {
        tk_type: Text,
        value: "\r",
        address: Address(7..10),
    },
]
